{
  :data => {
            :id => "63fb9319-f973-4404-9eda-c16a8933f6aa",
          :type => :allergen,
    :attributes => {
      :name => "Clams"
    }
  }
}