{
      :data => {
               :id => "8232232d-88c5-4b4e-bb8c-265d54cbc3ee",
             :type => :dog,
       :attributes => {
                       :name => "Maryanne",
                      :breed => "Coonhound",
                     :weight => 20,
                        :age => 8,
                     :gender => "female",
            :fussiness_level => nil,
              :health_issues => [],
             :activity_level => nil,
                  :allergies => [],
               :kcal_per_day => nil,
      :food_portion_in_grams => nil
    },
    :relationships => {
      :user => {
        :data => {
            :id => "63fb9319-f973-4404-9eda-c16a8933f6aa",
          :type => :user
        }
      }
    }
  },
  :included => [
    [0] {
                 :id => "63fb9319-f973-4404-9eda-c16a8933f6aa",
               :type => :user,
         :attributes => {
             :email => "genny@cartwright.io",
        :first_name => nil,
         :last_name => nil,
           :address => nil,
              :city => nil,
          :zip_code => nil,
         :telephone => nil
      },
      :relationships => {
           :dogs => {
          :data => [
            [0] {
                :id => "8232232d-88c5-4b4e-bb8c-265d54cbc3ee",
              :type => :dog
            }
          ]
        },
        :reviews => {
          :data => []
        }
      }
    }
  ]
}