{
      :data => {
               :id => "63fb9319-f973-4404-9eda-c16a8933f6aa",
             :type => :recommended_recipe,
    :relationships => {
      :recipe => {
        :data => {
            :id => "c545ae6c-ede9-4c40-8401-0b496513f181",
          :type => :recipe
        }
      },
         :dog => {
        :data => {
            :id => "8232232d-88c5-4b4e-bb8c-265d54cbc3ee",
          :type => :dog
        }
      }
    }
  },
  :included => [
    [0] {
              :id => "c545ae6c-ede9-4c40-8401-0b496513f181",
            :type => :recipe,
      :attributes => {
                     :name => "Katsu Curry",
        :calories_per_100g => 645,
              :ingredients => "Chilli Pepper",
           :fat_percentage => 58.96,
                :image_url => nil,
           :price_per_100g => 10.61
      }
    },
    [1] {
                 :id => "8232232d-88c5-4b4e-bb8c-265d54cbc3ee",
               :type => :dog,
         :attributes => {
                              :name => "Genny",
                             :breed => "Papillon",
                            :weight => 20,
                     :age_in_months => 60,
                            :gender => "female",
                   :fussiness_level => nil,
                    :activity_level => nil,
        :recommended_daily_calories => nil,
             :food_portion_in_grams => nil,
                       :sterialized => nil
      },
      :relationships => {
        :user => {
          :data => nil
        }
      }
    }
  ]
}